// Jest Snapshot v1, https://goo.gl/fbAQLP

exports[`<GeoFilter /> without props should match the snapshot 1`] = `"<div class=\\"makeStyles-root-1\\"><div role=\\"group\\" class=\\"MuiButtonGroup-root\\" aria-label=\\"outlined primary button group\\"><button class=\\"MuiButtonBase-root MuiButton-root MuiButton-outlined MuiButtonGroup-grouped MuiButtonGroup-groupedHorizontal MuiButtonGroup-groupedOutlined MuiButtonGroup-groupedOutlinedHorizontal MuiButtonGroup-groupedOutlinedPrimary MuiButton-outlinedPrimary\\" tabindex=\\"0\\" type=\\"button\\"><span class=\\"MuiButton-label\\">Region</span></button><button class=\\"MuiButtonBase-root MuiButton-root MuiButton-outlined MuiButtonGroup-grouped MuiButtonGroup-groupedHorizontal MuiButtonGroup-groupedOutlined MuiButtonGroup-groupedOutlinedHorizontal MuiButtonGroup-groupedOutlinedPrimary MuiButton-outlinedPrimary\\" tabindex=\\"0\\" type=\\"button\\"><span class=\\"MuiButton-label\\">Communities</span></button><button class=\\"MuiButtonBase-root MuiButton-root MuiButton-outlined MuiButtonGroup-grouped MuiButtonGroup-groupedHorizontal MuiButtonGroup-groupedOutlined MuiButtonGroup-groupedOutlinedHorizontal MuiButtonGroup-groupedOutlinedPrimary MuiButton-outlinedPrimary\\" tabindex=\\"0\\" type=\\"button\\"><span class=\\"MuiButton-label\\">Zip Code</span></button></div></div>"`;
