// Jest Snapshot v1, https://goo.gl/fbAQLP

exports[`<LayersComponent/> with no props should match with snapshot 1`] = `"<div class=\\"MuiBox-root MuiBox-root-3 makeStyles-root-1\\"><div class=\\"MuiAutocomplete-root MuiAutocomplete-hasClearIcon MuiAutocomplete-hasPopupIcon\\" role=\\"combobox\\" aria-expanded=\\"false\\"><div class=\\"MuiFormControl-root MuiTextField-root MuiFormControl-fullWidth\\"><label class=\\"MuiFormLabel-root MuiInputLabel-root MuiInputLabel-formControl MuiInputLabel-animated MuiInputLabel-shrink\\" data-shrink=\\"true\\" for=\\"tags-outlined\\" id=\\"tags-outlined-label\\">Layers</label><div class=\\"MuiInputBase-root MuiInput-root MuiInput-underline MuiAutocomplete-inputRoot MuiInputBase-fullWidth MuiInput-fullWidth MuiInputBase-formControl MuiInput-formControl MuiInputBase-adornedStart MuiInputBase-adornedEnd\\"><div role=\\"button\\" class=\\"MuiChip-root MuiAutocomplete-tag MuiChip-deletable\\" tabindex=\\"-1\\" data-tag-index=\\"0\\"><span class=\\"MuiChip-label\\">Colleges</span><svg class=\\"MuiSvgIcon-root MuiChip-deleteIcon\\" focusable=\\"false\\" viewBox=\\"0 0 24 24\\" aria-hidden=\\"true\\" role=\\"presentation\\"><path d=\\"M12 2C6.47 2 2 6.47 2 12s4.47 10 10 10 10-4.47 10-10S17.53 2 12 2zm5 13.59L15.59 17 12 13.41 8.41 17 7 15.59 10.59 12 7 8.41 8.41 7 12 10.59 15.59 7 17 8.41 13.41 12 17 15.59z\\"></path></svg></div><input type=\\"text\\" aria-invalid=\\"false\\" autoComplete=\\"off\\" id=\\"tags-outlined\\" placeholder=\\"Select up to Two Layers\\" value=\\"\\" class=\\"MuiInputBase-input MuiInput-input MuiAutocomplete-input MuiAutocomplete-inputFocused MuiInputBase-inputAdornedStart MuiInputBase-inputAdornedEnd\\" aria-autocomplete=\\"list\\" autoCapitalize=\\"none\\" spellcheck=\\"false\\"/><div class=\\"MuiAutocomplete-endAdornment\\"><button class=\\"MuiButtonBase-root MuiIconButton-root MuiAutocomplete-clearIndicator MuiAutocomplete-clearIndicatorDirty\\" tabindex=\\"-1\\" type=\\"button\\" aria-label=\\"Clear\\" title=\\"Clear\\"><span class=\\"MuiIconButton-label\\"><svg class=\\"MuiSvgIcon-root MuiSvgIcon-fontSizeSmall\\" focusable=\\"false\\" viewBox=\\"0 0 24 24\\" aria-hidden=\\"true\\" role=\\"presentation\\"><path d=\\"M19 6.41L17.59 5 12 10.59 6.41 5 5 6.41 10.59 12 5 17.59 6.41 19 12 13.41 17.59 19 19 17.59 13.41 12z\\"></path></svg></span></button><button class=\\"MuiButtonBase-root MuiIconButton-root MuiAutocomplete-popupIndicator\\" tabindex=\\"-1\\" type=\\"button\\" aria-label=\\"Open\\" title=\\"Open\\"><span class=\\"MuiIconButton-label\\"><svg class=\\"MuiSvgIcon-root\\" focusable=\\"false\\" viewBox=\\"0 0 24 24\\" aria-hidden=\\"true\\" role=\\"presentation\\"><path d=\\"M7 10l5 5 5-5z\\"></path></svg></span></button></div></div></div></div></div>"`;
